ASxxxx Linker V03.00 + NoICE + sdld,  page 1.
Hexadecimal  [32-Bits]

Area                                    Addr        Size        Decimal Bytes (Attributes)
--------------------------------        ----        ----        ------- ----- ------------
.  .ABS.                            00000000    00000000 =           0. bytes (ABS,CON)

      Value  Global                              Global Defined In Module
      -----  --------------------------------   ------------------------
     00000000  .__.ABS.                           cpct_firmware
     0000011C  l__DATA                         
     00000141  l__CODE                         
     00004000  s__CODE                         
     00004141  s__DATA                         

ASxxxx Linker V03.00 + NoICE + sdld,  page 2.
Hexadecimal  [32-Bits]

Area                                    Addr        Size        Decimal Bytes (Attributes)
--------------------------------        ----        ----        ------- ----- ------------
_CODE                               00004000    00000141 =         321. bytes (REL,CON)

      Value  Global                              Global Defined In Module
      -----  --------------------------------   ------------------------
     00004001  _main                              cpct_keyboard
     0000400F  entity_create_player               
     00004021  entity_create                      
     00004053  entity_forall                      
     00004074  cpct_drawSprite_asm                cpct_sprites
     00004114  _cpct_disableFirmware              cpct_firmware
     00004114  _cpct_removeInterruptHandler       cpct_firmware
     00004114  cpct_disableFirmware_asm           cpct_firmware
     00004114  cpct_removeInterruptHandler_asm    cpct_firmware
     00004124  cpct_getScreenPtr_asm              cpct_video
     00004140  _cpct_mode_rom_status              cpct_firmware

ASxxxx Linker V03.00 + NoICE + sdld,  page 3.
Hexadecimal  [32-Bits]

Area                                    Addr        Size        Decimal Bytes (Attributes)
--------------------------------        ----        ----        ------- ----- ------------
_DATA                               00004141    0000011C =         284. bytes (REL,CON)

      Value  Global                              Global Defined In Module
      -----  --------------------------------   ------------------------
     00004198  entity_array                       
     00004217  render_init                        
     00004218  render_one_entity                  
     00004235  PlayerSprite                       

ASxxxx Linker V03.00 + NoICE + sdld,  page 4.

Files Linked                              [ module(s) ]

obj/main.rel                              [ cpct_keyboard ]
obj/Entity/Entity.h.rel                   [  ]
obj/Entity/Entity.rel                     [  ]
obj/system/Physics.h.rel                  [  ]
obj/system/Physics.rel                    [  ]
obj/system/Render.h.rel                   [  ]
obj/system/Render.rel                     [  ]
obj/Objetos/Player.h.rel                  [  ]
obj/Objetos/Player.rel                    [  ]


Libraries Linked                          [ object file ]

/home/vermia/Desktop/cpc/cpctelera/cpctelera/cpctelera.lib
                                          [ cpct_drawSprite_asmbindings.rel ]
/home/vermia/Desktop/cpc/cpctelera/cpctelera/cpctelera.lib
                                          [ cpct_removeInterruptHandler.rel ]
/home/vermia/Desktop/cpc/cpctelera/cpctelera/cpctelera.lib
                                          [ cpct_getScreenPtr_asmbindings.re ]
/home/vermia/Desktop/cpc/cpctelera/cpctelera/cpctelera.lib
                                          [ cpc_mode_rom_status.rel ]

ASxxxx Linker V03.00 + NoICE + sdld,  page 5.

User Base Address Definitions

_CODE = 0x4000
_DATA = 0x0000

